
> medicloud-frontend@0.0.0 build
> vite build

[36mvite v5.4.21 [32mbuilding for production...[36m[39m
transforming...
[32mΓ£ô[39m 15 modules transformed.
node.exe : [31mx[39m Build failed in 3.39s
At line:1 char:1
+ & "C:\Program Files\nodejs/node.exe" "C:\Program Files\nodejs/node_mo ...
+ ~~~~~~~~~~~~~~~~~~~~~~~~~~~~~~~~~~~~~~~~~~~~~~~~~~~~~~~~~~~~~~~~~~~~~
    + CategoryInfo          : NotSpecified: ([31mx[39m Build failed in 3.39s:String) [], RemoteException
    + FullyQualifiedErrorId : NativeCommandError
 
[31merror during build:
[31m[vite:esbuild] Transform failed with 1 error:
C:/Users/lenovo/Downloads/CLOUDNATIVEHOSPITALMANAGEMENT/HOSPITAL/TELEMEDICINE/frontend/src/pages/index.jsx:1830:0: 
ERROR: Unexpected "}"[31m
file: [36mC:/Users/lenovo/Downloads/CLOUDNATIVEHOSPITALMANAGEMENT/HOSPITAL/TELEMEDICINE/frontend/src/pages/index.jsx:1
830:0[31m
[33m
[33mUnexpected "}"[33m
1828|    Activity, Video, Shield, Clock, Users, Star, ArrowRight, Heart, Brain,
1829|    Stethoscope, ChevronRight, Globe, Zap, Lock, Award, CheckCircle, Building2, Sparkles
1830|  } from 'lucide-react';
   |  ^
1831|  
1832|  const features = [
[31m
    at failureErrorWithLog (C:\Users\lenovo\Downloads\CLOUDNATIVEHOSPITALMANAGEMENT\HOSPITAL\TELEMEDICINE\frontend\node
_modules\esbuild\lib\main.js:1472:15)
    at C:\Users\lenovo\Downloads\CLOUDNATIVEHOSPITALMANAGEMENT\HOSPITAL\TELEMEDICINE\frontend\node_modules\esbuild\lib\
main.js:755:50
    at responseCallbacks.<computed> (C:\Users\lenovo\Downloads\CLOUDNATIVEHOSPITALMANAGEMENT\HOSPITAL\TELEMEDICINE\fron
tend\node_modules\esbuild\lib\main.js:622:9)
    at handleIncomingPacket (C:\Users\lenovo\Downloads\CLOUDNATIVEHOSPITALMANAGEMENT\HOSPITAL\TELEMEDICINE\frontend\nod
e_modules\esbuild\lib\main.js:677:12)
    at Socket.readFromStdout (C:\Users\lenovo\Downloads\CLOUDNATIVEHOSPITALMANAGEMENT\HOSPITAL\TELEMEDICINE\frontend\no
de_modules\esbuild\lib\main.js:600:7)
    at Socket.emit (node:events:508:28)
    at addChunk (node:internal/streams/readable:559:12)
    at readableAddChunkPushByteMode (node:internal/streams/readable:510:3)
    at Readable.push (node:internal/streams/readable:390:5)
    at Pipe.onStreamRead (node:internal/stream_base_commons:189:23)[39m
